Godot Engine v4.5.1.stable.official.f62fdbde1 - https://godotengine.org

---  GUT  ---
[1m[INFO]:  [0musing [C:/Users/Toshe/AppData/Roaming/Godot/app_userdata/RonaldDump] for temporary output.
Godot version:  4.5.1
GUT version:  9.3.0
[4m

res://tests/unit/test_chaos_fx_mapping.gd
[0m[1m2/2 passed.
[0m[4m

res://tests/unit/test_chaos_manager.gd
[0m[1m4/4 passed.
[0m[4m

res://tests/unit/test_empty_registry_safety.gd
[0m[RunManager] Selecting next microgame. Entries:0
[RunManager] No enabled entries; ending run.
[1m2/2 passed.
[0m[4m

res://tests/unit/test_input_router.gd
[0m[1m10/10 passed.
[0m[4m

res://tests/unit/test_integration_framework_smoke.gd
[0m[RunManager] Selecting next microgame. Entries:1
[RunManager] Selected microgame:test_microgame
[RunManager._finish_microgame] Starting cleanup.
[RunManager._finish_microgame] Starting RESOLVE phase.
[RunManager._finish_microgame] Emitted signal. Success:true
[RunManager._finish_microgame] Microgames played:1
[RunManager._finish_microgame] Awaiting RESOLVE phase...
[RunManager._finish_microgame] RESOLVE complete.
[RunManager._finish_microgame] Deactivating microgame...
[RunManager._finish_microgame] Freeing microgame...
[RunManager._finish_microgame] Flushing input...
[RunManager._finish_microgame] Awaiting frame...
[RunManager._finish_microgame] Calling _start_next_microgame()...
[RunManager] Selecting next microgame. Entries:1
[RunManager] Selected microgame:test_microgame
[1m1/1 passed.
[0m[4m

res://tests/unit/test_mg01_presentation_gating.gd
[0m[1m5/5 passed.
[0m[4m

res://tests/unit/test_mg04_gut.gd
[0m[1m5/5 passed.
[0m[4m

res://tests/unit/test_microgame_sequence.gd
[0m[RunManager] Selecting next microgame. Entries:5
[RunManager] Selected microgame:disinfectant_brainstorm
Microgame started: res://microgames/mg04_disinfectant_brainstorm/mg04_disinf_brainstorm.gd
[RunManager._finish_microgame] Starting cleanup.
[RunManager._finish_microgame] Starting RESOLVE phase.
[RunManager._finish_microgame] Emitted signal. Success:true
[RunManager._finish_microgame] Microgames played:1
[RunManager._finish_microgame] Awaiting RESOLVE phase...
[RunManager._finish_microgame] Starting cleanup.
[RunManager._finish_microgame] Emitted signal. Success:true
[RunManager._finish_microgame] Microgames played:2
[RunManager._finish_microgame] Awaiting RESOLVE phase...
[RunManager._finish_microgame] RESOLVE complete.
[RunManager._finish_microgame] Deactivating microgame...
[RunManager._finish_microgame] Freeing microgame...
[RunManager._finish_microgame] Flushing input...
[RunManager._finish_microgame] Awaiting frame...
[RunManager._finish_microgame] RESOLVE complete.
[RunManager._finish_microgame] Deactivating microgame...
[RunManager._finish_microgame] Flushing input...
[RunManager._finish_microgame] Awaiting frame...
[RunManager._finish_microgame] Calling _start_next_microgame()...
[RunManager] Selecting next microgame. Entries:5
[RunManager] Selected microgame:ignore_the_expert
Microgame started: res://microgames/mg01_ignore_the_expert/MicrogameIgnoreTheExpert.gd
[RunManager._finish_microgame] Calling _start_next_microgame()...
[RunManager] Selecting next microgame. Entries:5
[RunManager] Selected microgame:wall_builder
Microgame started: res://microgames/mg03_wall_builder/WallBuilder.gd
[RunManager._finish_microgame] Starting cleanup.
[RunManager._finish_microgame] Starting RESOLVE phase.
[RunManager._finish_microgame] Emitted signal. Success:true
[RunManager._finish_microgame] Microgames played:3
[RunManager._finish_microgame] Awaiting RESOLVE phase...
[RunManager._finish_microgame] Starting cleanup.
[RunManager._finish_microgame] Emitted signal. Success:true
[RunManager._finish_microgame] Microgames played:4
[RunManager._finish_microgame] Awaiting RESOLVE phase...
[RunManager._finish_microgame] RESOLVE complete.
[RunManager._finish_microgame] Deactivating microgame...
[RunManager._finish_microgame] Freeing microgame...
[RunManager._finish_microgame] Flushing input...
[RunManager._finish_microgame] Awaiting frame...
[RunManager._finish_microgame] RESOLVE complete.
[RunManager._finish_microgame] Deactivating microgame...
[RunManager._finish_microgame] Flushing input...
[RunManager._finish_microgame] Awaiting frame...
[RunManager._finish_microgame] Calling _start_next_microgame()...
[RunManager] Selecting next microgame. Entries:5
[RunManager] Selected microgame:peace_deal_speedrun
Microgame started: res://microgames/mg05_peace_deal_speedrun/mg05_peace_deal_speedrun.gd
[RunManager._finish_microgame] Calling _start_next_microgame()...
[RunManager] Selecting next microgame. Entries:5
[RunManager] Selected microgame:disinfectant_brainstorm
Microgame started: res://microgames/mg04_disinfectant_brainstorm/mg04_disinf_brainstorm.gd
[RunManager._finish_microgame] Starting cleanup.
[RunManager._finish_microgame] Starting RESOLVE phase.
[RunManager._finish_microgame] Emitted signal. Success:true
[RunManager._finish_microgame] Microgames played:5
[RunManager._finish_microgame] Awaiting RESOLVE phase...
[RunManager._finish_microgame] Starting cleanup.
[RunManager._finish_microgame] Emitted signal. Success:true
[RunManager._finish_microgame] Microgames played:6
[RunManager._finish_microgame] Awaiting RESOLVE phase...
[RunManager._finish_microgame] RESOLVE complete.
[RunManager._finish_microgame] Deactivating microgame...
[RunManager._finish_microgame] Freeing microgame...
[RunManager._finish_microgame] Flushing input...
[RunManager._finish_microgame] Awaiting frame...
[RunManager._finish_microgame] RESOLVE complete.
[RunManager._finish_microgame] Deactivating microgame...
[RunManager._finish_microgame] Flushing input...
[RunManager._finish_microgame] Awaiting frame...
[RunManager._finish_microgame] Calling _start_next_microgame()...
[RunManager] Selecting next microgame. Entries:5
[RunManager] Selected microgame:end_the_pandemic
Microgame started: res://microgames/mg02_end_the_pandemic/end_the_pandemic.gd
[RunManager._finish_microgame] Calling _start_next_microgame()...
[RunManager] Selecting next microgame. Entries:5
[RunManager] Selected microgame:wall_builder
Microgame started: res://microgames/mg03_wall_builder/WallBuilder.gd
[RunManager._finish_microgame] Starting cleanup.
[RunManager._finish_microgame] Starting RESOLVE phase.
[RunManager._finish_microgame] Emitted signal. Success:true
[RunManager._finish_microgame] Microgames played:7
[RunManager._finish_microgame] Awaiting RESOLVE phase...
[RunManager._finish_microgame] Starting cleanup.
[RunManager._finish_microgame] Emitted signal. Success:true
[RunManager._finish_microgame] Microgames played:8
[RunManager._finish_microgame] Awaiting RESOLVE phase...
[RunManager._finish_microgame] RESOLVE complete.
[RunManager._finish_microgame] Deactivating microgame...
[RunManager._finish_microgame] Freeing microgame...
[RunManager._finish_microgame] Flushing input...
[RunManager._finish_microgame] Awaiting frame...
[RunManager._finish_microgame] RESOLVE complete.
[RunManager._finish_microgame] Deactivating microgame...
[RunManager._finish_microgame] Flushing input...
[RunManager._finish_microgame] Awaiting frame...
[RunManager._finish_microgame] Calling _start_next_microgame()...
[RunManager] Selecting next microgame. Entries:5
[RunManager] Selected microgame:ignore_the_expert
Microgame started: res://microgames/mg01_ignore_the_expert/MicrogameIgnoreTheExpert.gd
[RunManager._finish_microgame] Calling _start_next_microgame()...
[RunManager] Selecting next microgame. Entries:5
[RunManager] Selected microgame:peace_deal_speedrun
Microgame started: res://microgames/mg05_peace_deal_speedrun/mg05_peace_deal_speedrun.gd
[RunManager._finish_microgame] Starting cleanup.
[RunManager._finish_microgame] Starting RESOLVE phase.
[RunManager._finish_microgame] Emitted signal. Success:true
[RunManager._finish_microgame] Microgames played:9
[RunManager._finish_microgame] Awaiting RESOLVE phase...
[RunManager._finish_microgame] Starting cleanup.
[RunManager._finish_microgame] Emitted signal. Success:true
[RunManager._finish_microgame] Microgames played:10
[RunManager._finish_microgame] Awaiting RESOLVE phase...
[RunManager._finish_microgame] RESOLVE complete.
[RunManager._finish_microgame] Deactivating microgame...
[RunManager._finish_microgame] Freeing microgame...
[RunManager._finish_microgame] Flushing input...
[RunManager._finish_microgame] Awaiting frame...
[RunManager._finish_microgame] RESOLVE complete.
[RunManager._finish_microgame] Deactivating microgame...
[RunManager._finish_microgame] Flushing input...
[RunManager._finish_microgame] Awaiting frame...
[RunManager._finish_microgame] Calling _start_next_microgame()...
[RunManager] Selecting next microgame. Entries:5
[RunManager] Selected microgame:disinfectant_brainstorm
Microgame started: res://microgames/mg04_disinfectant_brainstorm/mg04_disinf_brainstorm.gd
[RunManager._finish_microgame] Calling _start_next_microgame()...
[RunManager] Selecting next microgame. Entries:5
[RunManager] Selected microgame:wall_builder
Microgame started: res://microgames/mg03_wall_builder/WallBuilder.gd
